converted 1,000,000 records
converted 2,000,000 records
converted 3,000,000 records
converted 4,000,000 records
converted 5,000,000 records
converted 6,000,000 records
converted 7,000,000 records
converted 8,000,000 records
converted 9,000,000 records
converted 10,000,000 records
converted 11,000,000 records
converted 12,000,000 records
converted 13,000,000 records
converted 14,000,000 records
converted 15,000,000 records
converted 16,000,000 records
converted 17,000,000 records
converted 18,000,000 records
converted 19,000,000 records
converted 20,000,000 records
converted 21,000,000 records
converted 22,000,000 records
converted 23,000,000 records
converted 24,000,000 records
converted 25,000,000 records
converted 26,000,000 records
converted 27,000,000 records
converted 28,000,000 records
converted 29,000,000 records
converted 30,000,000 records
converted 31,000,000 records
converted 32,000,000 records
converted 33,000,000 records
converted 34,000,000 records
converted 35,000,000 records
converted 36,000,000 records
converted 37,000,000 records
converted 38,000,000 records
converted 39,000,000 records
converted 40,000,000 records
converted 41,000,000 records
converted 42,000,000 records
converted 43,000,000 records
converted 44,000,000 records
converted 45,000,000 records
converted 46,000,000 records
converted 47,000,000 records
converted 48,000,000 records
converted 49,000,000 records
converted 50,000,000 records
converted 51,000,000 records
converted 52,000,000 records
converted 53,000,000 records
converted 54,000,000 records
converted 55,000,000 records
converted 56,000,000 records
converted 57,000,000 records
converted 58,000,000 records
converted 59,000,000 records
converted 60,000,000 records
converted 61,000,000 records
converted 62,000,000 records
converted 63,000,000 records
converted 64,000,000 records
converted 65,000,000 records
converted 66,000,000 records
converted 67,000,000 records
converted 68,000,000 records
converted 69,000,000 records
converted 70,000,000 records
converted 71,000,000 records
converted 72,000,000 records
converted 73,000,000 records
converted 74,000,000 records
converted 75,000,000 records
converted 76,000,000 records
converted 77,000,000 records
converted 78,000,000 records
converted 79,000,000 records
converted 80,000,000 records
converted 81,000,000 records
converted 82,000,000 records
converted 83,000,000 records
converted 84,000,000 records
converted 85,000,000 records
converted 86,000,000 records
converted 87,000,000 records
converted 88,000,000 records
converted 89,000,000 records
converted 90,000,000 records
converted 91,000,000 records
converted 92,000,000 records
converted 93,000,000 records
converted 94,000,000 records
converted 95,000,000 records
converted 96,000,000 records
converted 97,000,000 records
converted 98,000,000 records
converted 99,000,000 records
converted 100,000,000 records
converted 101,000,000 records
converted 102,000,000 records
converted 103,000,000 records
converted 104,000,000 records
converted 105,000,000 records
wrote 105764875 SimNMR-PubChem records to datasets/nmrsolver/all.parquet
